
> temp_app@0.1.0 build
> next build

??Warning: Next.js inferred your workspace root, but it may not be correct.
 We detected multiple lockfiles and selected the directory of C:\workspace\package-lock.json as the root directory.
 To silence this warning, set `turbopack.root` in your Next.js config, or consider removing one of the lockfiles if it's not needed.
   See https://nextjs.org/docs/app/api-reference/config/next-config-js/turbopack#root-directory for more information.
 Detected additional lockfiles: 
   * C:\workspace\antigravity\ValueOn\package-lock.json

??Next.js 16.1.6 (Turbopack)

  Creating an optimized production build ...

> Build error occurred
Error: Turbopack build failed with 1 errors:
./antigravity/ValueOn/components/advanced-mode/mix-condition-dialog.tsx:4:1
Module not found: Can't resolve '@/components/ui/dialog'
  2 |
  3 | import { useState, useEffect } from "react";
> 4 | import { Dialog, DialogContent, DialogHeader, DialogTitle, DialogFooter, DialogDescription } from "@/components/ui/dialog";
    | ^^^^^^^^^^^^^^^^^^^^^^^^^^^^^^^^^^^^^^^^^^^^^^^^^^^^^^^^^^^^^^^^^^^^^^^^^^^^^^^^^^^^^^^^^^^^^^^^^^^^^^^^^^^^^^^^^^^^^^^^^^^
  5 | import { Button } from "@/components/ui/button";
  6 | import { Input } from "@/components/ui/input";
  7 | import { UnitAllocation, UnitType } from "@/types";

Import map: aliased to relative './components/ui/dialog' inside of [project]/antigravity/ValueOn


Import traces:
  Client Component Browser:
    ./antigravity/ValueOn/components/advanced-mode/mix-condition-dialog.tsx [Client Component Browser]
    ./antigravity/ValueOn/components/advanced-mode/cost-item-row.tsx [Client Component Browser]
    ./antigravity/ValueOn/components/advanced-mode/cost-category-card.tsx [Client Component Browser]
    ./antigravity/ValueOn/components/advanced-mode/advanced-input-section.tsx [Client Component Browser]
    ./antigravity/ValueOn/app/page.tsx [Client Component Browser]
    ./antigravity/ValueOn/app/page.tsx [Server Component]

  Client Component SSR:
    ./antigravity/ValueOn/components/advanced-mode/mix-condition-dialog.tsx [Client Component SSR]
    ./antigravity/ValueOn/components/advanced-mode/cost-item-row.tsx [Client Component SSR]
    ./antigravity/ValueOn/components/advanced-mode/cost-category-card.tsx [Client Component SSR]
    ./antigravity/ValueOn/components/advanced-mode/advanced-input-section.tsx [Client Component SSR]
    ./antigravity/ValueOn/app/page.tsx [Client Component SSR]
    ./antigravity/ValueOn/app/page.tsx [Server Component]

https://nextjs.org/docs/messages/module-not-found


    at <unknown> (./antigravity/ValueOn/components/advanced-mode/mix-condition-dialog.tsx:4:1)
    at <unknown> (https://nextjs.org/docs/messages/module-not-found)
